{'id': 'c48fd9cd-96a8-4a14-a0ed-df4ec8165dc0', 'created_at': datetime.datetime(2024, 3, 29, 10, 43, 38, 137861), 'updated_at': datetime.datetime(2024, 3, 29, 10, 43, 38, 137861)}
